<area shape="rect" id="node3" href="$a00021.html#484d2e162b90ad46d32d1906577ab09a" title="La funzione restituisce un numero intero casuale nell&#39;intervallo compreso tra..." alt="" coords="367,15,481,45">
<area shape="rect" id="node5" href="$a00026.html#g64fbfccf96403a1ccbdc4f4408f8adf5" title="Richiede un accesso al dispositivo di I/O." alt="" coords="164,27,284,57">
<area shape="rect" id="node7" href="$a00027.html#g9c4379965bdce7b1b705dd2cf84f7d1a" title="Funzione per la lettura/scrittura di una zona di memoria." alt="" coords="159,134,289,163">
<area shape="rect" id="node13" href="$a00028.html#g17e012f3abc783124d0e6e7219b30cf8" title="Genera un indirizzo di memoria virtuale casuale." alt="" coords="159,81,289,110">
<area shape="rect" id="node9" href="$a00028.html#g2b52a774545c4534786424f7d551d32c" title="Stampa lo stato delle pagine di un processo." alt="" coords="372,107,476,137">
<area shape="rect" id="node11" href="$a00026.html#gbc58cac7b3c0bd4162719dd9f846a6ae" title="Determina l&#39;uscita del thread di I/O." alt="" coords="340,161,508,190">
