<area shape="rect" id="node3" href="$a00021.html#484d2e162b90ad46d32d1906577ab09a" title="La funzione restituisce un numero intero casuale nell&#39;intervallo compreso tra..." alt="" coords="495,5,609,35">
<area shape="rect" id="node5" href="$a00028.html#gaf5abb1899913f9533a6fa9389d542d2" title="Thread per la simulazione di un processo." alt="" coords="135,57,236,87">
<area shape="rect" id="node8" href="$a00026.html#g64fbfccf96403a1ccbdc4f4408f8adf5" title="Richiede un accesso al dispositivo di I/O." alt="" coords="292,57,412,87">
<area shape="rect" id="node10" href="$a00027.html#g9c4379965bdce7b1b705dd2cf84f7d1a" title="Funzione per la lettura/scrittura di una zona di memoria." alt="" coords="287,164,417,193">
<area shape="rect" id="node16" href="$a00028.html#g17e012f3abc783124d0e6e7219b30cf8" title="Genera un indirizzo di memoria virtuale casuale." alt="" coords="287,111,417,140">
<area shape="rect" id="node12" href="$a00028.html#g2b52a774545c4534786424f7d551d32c" title="Stampa lo stato delle pagine di un processo." alt="" coords="500,137,604,167">
<area shape="rect" id="node14" href="$a00026.html#gbc58cac7b3c0bd4162719dd9f846a6ae" title="Determina l&#39;uscita del thread di I/O." alt="" coords="468,191,636,220">
