<area shape="rect" id="node3" href="$a00022.html#484d2e162b90ad46d32d1906577ab09a" title="La funzione restituisce un numero intero casuale nell&#39;intervallo compreso tra..." alt="" coords="468,57,583,87">
<area shape="rect" id="node5" href="$a00029.html#gaf5abb1899913f9533a6fa9389d542d2" title="Thread per la simulazione di un processo." alt="" coords="135,83,236,112">
<area shape="rect" id="node8" href="$a00027.html#g64fbfccf96403a1ccbdc4f4408f8adf5" title="Richiede un accesso al dispositivo di I/O." alt="" coords="288,56,408,85">
<area shape="rect" id="node10" href="$a00028.html#gc23a1ee8fe6271110099f07ca81163ed" title="Funzione per la lettura/scrittura di una zona di memoria." alt="" coords="460,163,591,192">
<area shape="rect" id="node16" href="$a00029.html#g0e5bbe010bad6f4740f6334c0454bba2" title="Effettua un accesso alla memoria con indirizzo casuale." alt="" coords="285,109,411,139">
<area shape="rect" id="node20" href="$a00029.html#g3b8e883ce8a50b93217037bc3429253e" title="Simulazione d&#39;accesso ad un vettore di elementi." alt="" coords="292,163,404,192">
<area shape="rect" id="node12" href="$a00029.html#g2b52a774545c4534786424f7d551d32c" title="Stampa lo stato delle pagine di un processo." alt="" coords="673,136,777,165">
<area shape="rect" id="node14" href="$a00027.html#gbc58cac7b3c0bd4162719dd9f846a6ae" title="Determina l&#39;uscita del thread di I/O." alt="" coords="641,189,809,219">
