<area shape="rect" id="node3" href="$a00026.html#g0de75477baa4d452a538a517c6589ca0" title="Inizializzazione I/O." alt="" coords="107,19,219,48">
<area shape="rect" id="node9" href="$a00027.html#gf97ffa8a4eade22efcc3545bb3c46d6e" title="Inizializzazione MMU." alt="" coords="121,84,204,113">
<area shape="rect" id="node15" href="$a00028.html#gc1fccac69c4c01abf39d7554137f0efe" title="proc_init" alt="" coords="124,163,201,192">
<area shape="rect" id="node27" href="$a00026.html#gbc58cac7b3c0bd4162719dd9f846a6ae" title="Determina l&#39;uscita del thread di I/O." alt="" coords="639,372,807,401">
<area shape="rect" id="node33" href="$a00024.html#2ef30c42cbc289d899a8be5d2d8f77d0" title="Stampa la sinossi del programma." alt="" coords="132,424,193,453">
<area shape="rect" id="node5" href="$a00026.html#g28b5ceb23d706ad5bb7b3cb39b465ca0" title="Thread dispositivo I/O." alt="" coords="267,5,403,35">
<area shape="rect" id="node7" href="$a00021.html#484d2e162b90ad46d32d1906577ab09a" title="La funzione restituisce un numero intero casuale nell&#39;intervallo compreso tra..." alt="" coords="665,136,780,165">
<area shape="rect" id="node11" href="$a00027.html#g570ba5ab25cdc4950e1d62ea879fb385" title="Thread MMU." alt="" coords="281,59,388,88">
<area shape="rect" id="node13" href="$a00027.html#g3e687b0cdfc98849634205a1230a0926" title="Funzione di debug." alt="" coords="452,59,588,88">
<area shape="rect" id="node18" href="$a00028.html#gaf5abb1899913f9533a6fa9389d542d2" title="Thread per la simulazione di un processo." alt="" coords="284,213,385,243">
<area shape="rect" id="node21" href="$a00026.html#g64fbfccf96403a1ccbdc4f4408f8adf5" title="Richiede un accesso al dispositivo di I/O." alt="" coords="460,213,580,243">
<area shape="rect" id="node23" href="$a00027.html#g9c4379965bdce7b1b705dd2cf84f7d1a" title="Funzione per la lettura/scrittura di una zona di memoria." alt="" coords="455,320,585,349">
<area shape="rect" id="node29" href="$a00028.html#g17e012f3abc783124d0e6e7219b30cf8" title="Genera un indirizzo di memoria virtuale casuale." alt="" coords="455,267,585,296">
<area shape="rect" id="node25" href="$a00028.html#g2b52a774545c4534786424f7d551d32c" title="Stampa lo stato delle pagine di un processo." alt="" coords="671,319,775,348">
