<area shape="rect" id="node3" href="$a00022.html#484d2e162b90ad46d32d1906577ab09a" title="La funzione restituisce un numero intero casuale nell&#39;intervallo compreso tra..." alt="" coords="340,29,455,58">
<area shape="rect" id="node5" href="$a00027.html#g64fbfccf96403a1ccbdc4f4408f8adf5" title="Richiede un accesso al dispositivo di I/O." alt="" coords="160,186,280,215">
<area shape="rect" id="node7" href="$a00028.html#gc23a1ee8fe6271110099f07ca81163ed" title="memory_access" alt="" coords="332,82,463,111">
<area shape="rect" id="node13" href="$a00019.html#0e5bbe010bad6f4740f6334c0454bba2" title="Effettua un accesso alla memoria con indirizzo casuale." alt="" coords="157,82,283,111">
<area shape="rect" id="node17" href="$a00019.html#3b8e883ce8a50b93217037bc3429253e" title="Simulazione d&#39;accesso ad un vettore di elementi." alt="" coords="164,29,276,58">
<area shape="rect" id="node9" href="$a00029.html#g2b52a774545c4534786424f7d551d32c" title="Stampa lo stato delle pagine di un processo." alt="" coords="545,55,649,85">
<area shape="rect" id="node11" href="$a00027.html#gbc58cac7b3c0bd4162719dd9f846a6ae" title="Determina l&#39;uscita del thread di I/O." alt="" coords="513,109,681,138">
