<area shape="rect" id="node3" href="$a00028.html#gc23a1ee8fe6271110099f07ca81163ed" title="Funzione per la lettura/scrittura di una zona di memoria." alt="" coords="159,57,289,87">
<area shape="rect" id="node5" href="$a00029.html#g0e5bbe010bad6f4740f6334c0454bba2" title="Effettua un accesso alla memoria con indirizzo casuale." alt="" coords="339,5,464,35">
<area shape="rect" id="node7" href="$a00029.html#gaf5abb1899913f9533a6fa9389d542d2" title="Thread per la simulazione di un processo." alt="" coords="513,57,615,87">
<area shape="rect" id="node13" href="$a00029.html#g3b8e883ce8a50b93217037bc3429253e" title="Simulazione d&#39;accesso ad un vettore di elementi." alt="" coords="345,109,457,139">
<area shape="rect" id="node9" href="$a00029.html#gc1fccac69c4c01abf39d7554137f0efe" title="Funzione per la creazione dei thread di tipo &quot;PROCESSO&quot;." alt="" coords="665,57,743,87">
<area shape="rect" id="node11" href="$a00025.html#3c04138a5bfe5d72780bb7e82a18e627" title="main" alt="" coords="792,57,845,87">
